python3 tools/tt check -- sh -c 'python3 tools/ops-check && (cd python && uv run --frozen ruff check . && uv run --frozen pyright) && (cd ts && npm run typecheck && npm run check) && tasks check'
All checks passed!
0 errors, 0 warnings, 0 informations

> @verifiably/beliefs@0.0.0 typecheck
> tsc --noEmit


> @verifiably/beliefs@0.0.0 check
> biome check .

Checked 15 files in 41ms. No fixes applied.
{"errors":[],"warnings":[]}
python3 tools/tt test -- sh -c '(cd python && uv run --frozen pytest) && (cd ts && npm test)'
........................................................................ [  1%]
........................................................................ [  2%]
........................................................................ [  4%]
........................................................................ [  5%]
........................................................................ [  7%]
........................................................................ [  8%]
........................................................................ [ 10%]
........................................................................ [ 11%]
........................................................................ [ 13%]
........................................................................ [ 14%]
........................................................................ [ 16%]
........................................................................ [ 17%]
....................................................................ss.. [ 18%]
........................................................................ [ 20%]
........................................................................ [ 21%]
........................................................................ [ 23%]
........................................................................ [ 24%]
........................................................................ [ 26%]
........................................................................ [ 27%]
........................................................................ [ 29%]
........................................................................ [ 30%]
........................................................................ [ 32%]
........................................................................ [ 33%]
........................................................................ [ 34%]
........................................................................ [ 36%]
........................................................................ [ 37%]
........................................................................ [ 39%]
........................................................................ [ 40%]
........................................................................ [ 42%]
........................................................................ [ 43%]
........................................................................ [ 45%]
........................................................................ [ 46%]
........................................................................ [ 48%]
........................................................................ [ 49%]
........................................................................ [ 50%]
........................................................................ [ 52%]
........................................................................ [ 53%]
........................................................................ [ 55%]
........................................................................ [ 56%]
........................................................................ [ 58%]
........................................................................ [ 59%]
........................................................................ [ 61%]
........................................................................ [ 62%]
........................................................................ [ 64%]
........................................................................ [ 65%]
........................................................................ [ 66%]
........................................................................ [ 68%]
........................................................................ [ 69%]
........................................................................ [ 71%]
........................................................................ [ 72%]
........................................................................ [ 74%]
........................................................................ [ 75%]
........................................................................ [ 77%]
........................................................................ [ 78%]
........................................................................ [ 80%]
........................................................................ [ 81%]
........................................................................ [ 83%]
........................................................................ [ 84%]
........................................................................ [ 85%]
........................................................................ [ 87%]
........................................................................ [ 88%]
........................................................................ [ 90%]
........................................................................ [ 91%]
........................................................................ [ 93%]
........................................................................ [ 94%]
........................................................................ [ 96%]
........................................................................ [ 97%]
........................................................................ [ 99%]
................................................                         [100%]
4942 passed, 2 skipped in 1132.18s (0:18:52)

> @verifiably/beliefs@0.0.0 test
> vitest run


 RUN  v4.1.11 ./ts


 Test Files  7 passed (7)
      Tests  154 passed (154)
   Start at  18:29:50
   Duration  564ms (transform 585ms, setup 0ms, import 1.28s, tests 380ms, environment 1ms)

