python3 tools/tt check -- sh -c 'python3 tools/ops-check && (cd python && uv run --frozen ruff check . && uv run --frozen pyright) && (cd ts && npm run typecheck && npm run check) && tasks check'
All checks passed!
0 errors, 0 warnings, 0 informations
WARNING: there is a new pyright version available (v1.1.411 -> v1.1.414).
Please install the new version or set PYRIGHT_PYTHON_FORCE_VERSION to `latest`


> @verifiably/beliefs@0.0.0 typecheck
> tsc --noEmit


> @verifiably/beliefs@0.0.0 check
> biome check .

Checked 15 files in 25ms. No fixes applied.
{"errors":[],"warnings":[]}
python3 tools/tt test -- sh -c '(cd python && uv run --frozen pytest) && (cd ts && npm test)'
........................................................................ [  1%]
........................................................................ [  3%]
........................................................................ [  4%]
........................................................................ [  6%]
........................................................................ [  7%]
........................................................................ [  9%]
........................................................................ [ 11%]
........................................................................ [ 12%]
........................................................................ [ 14%]
........................................................................ [ 15%]
........................................................................ [ 17%]
........................................................................ [ 18%]
........................................................................ [ 20%]
........................................................................ [ 22%]
........................................................................ [ 23%]
........................................................................ [ 25%]
........................................................................ [ 26%]
........................................................................ [ 28%]
........................................................................ [ 29%]
........................................................................ [ 31%]
........................................................................ [ 33%]
........................................................................ [ 34%]
........................................................................ [ 36%]
........................................................................ [ 37%]
........................................................................ [ 39%]
........................................................................ [ 41%]
........................................................................ [ 42%]
........................................................................ [ 44%]
........................................................................ [ 45%]
........................................................................ [ 47%]
........................................................................ [ 48%]
........................................................................ [ 50%]
........................................................................ [ 52%]
........................................................................ [ 53%]
........................................................................ [ 55%]
........................................................................ [ 56%]
........................................................................ [ 58%]
........................................................................ [ 59%]
........................................................................ [ 61%]
........................................................................ [ 63%]
........................................................................ [ 64%]
........................................................................ [ 66%]
........................................................................ [ 67%]
........................................................................ [ 69%]
........................................................................ [ 71%]
........................................................................ [ 72%]
........................................................................ [ 74%]
........................................................................ [ 75%]
........................................................................ [ 77%]
........................................................................ [ 78%]
........................................................................ [ 80%]
........................................................................ [ 82%]
........................................................................ [ 83%]
........................................................................ [ 85%]
........................................................................ [ 86%]
........................................................................ [ 88%]
........................................................................ [ 89%]
........................................................................ [ 91%]
........................................................................ [ 93%]
........................................................................ [ 94%]
........................................................................ [ 96%]
........................................................................ [ 97%]
........................................................................ [ 99%]
...........................                                              [100%]
4563 passed in 1125.76s (0:18:45)

> @verifiably/beliefs@0.0.0 test
> vitest run


 RUN  v4.1.11 /mnt/ssd/Dropbox/beliefs/ts


 Test Files  7 passed (7)
      Tests  142 passed (142)
   Start at  13:56:34
   Duration  525ms (transform 582ms, setup 0ms, import 1.36s, tests 311ms, environment 1ms)

