[cut24 phase 1/3] cut23_acceptance.py
[cut23 phase 1/3] cut22_acceptance.py
[cut22 phase 1/3] cut21_acceptance.py
[cut21 phase 1/3] cut20_acceptance.py
[cut20 phase 1/3] cut19_acceptance.py
[cut19 phase 1/3] cut18_acceptance.py
[cut18 phase 1/3] cut17_acceptance.py
[cut17 phase 1/19] test_n2_cut6.py
.......................                                                  [100%]
23 passed in 12.75s
[cut17 phase 2/19] test_n2_cut7.py
..........................................                               [100%]
42 passed in 48.33s
[cut17 phase 3/19] test_n2_cut9.py
.......................                                                  [100%]
23 passed in 17.30s
[cut17 phase 4/19] test_intent_boundary_acceptance.py
..................                                                       [100%]
18 passed in 6.55s
[cut17 phase 5/19] test_n2_cut11.py
