[cut24 phase 1/3] cut23_acceptance.py
[cut23 phase 1/3] cut22_acceptance.py
[cut22 phase 1/3] cut21_acceptance.py
[cut21 phase 1/3] cut20_acceptance.py
[cut20 phase 1/3] cut19_acceptance.py
[cut19 phase 1/3] cut18_acceptance.py
[cut18 phase 1/3] cut17_acceptance.py
[cut17 phase 1/19] test_n2_cut6.py
.......................                                                  [100%]
23 passed in 12.51s
[cut17 phase 2/19] test_n2_cut7.py
..........................................                               [100%]
42 passed in 47.80s
[cut17 phase 3/19] test_n2_cut9.py
.......................                                                  [100%]
23 passed in 17.33s
[cut17 phase 4/19] test_intent_boundary_acceptance.py
..................                                                       [100%]
18 passed in 6.46s
[cut17 phase 5/19] test_n2_cut11.py
F...............F                                                        [100%]
=================================== FAILURES ===================================
___ TestEveryCut11ArmAssertsSomething.test_no_arm_survives_its_own_sabotage ____

self = <test_n2_cut11.TestEveryCut11ArmAssertsSomething object at 0x7f153bd9a0d0>
findings = (Finding(arm=Arm(row='L7u1', asserts='no pointers reads the attempt finding, never a refutation', sabotage=Sabotage(mo...lvable_silently', 'test_intent_reduce.py::test_undecodable_bytes_are_unresolvable')), verdict='sound', detail=''), ...)

    def test_no_arm_survives_its_own_sabotage(self, findings):
>       _report("these cut-11 arms survive their own sabotage:", findings, "vacuous")

tests/acceptance/test_n2_cut11.py:101: 
_ _ _ _ _ _ _ _ _ _ _ _ _ _ _ _ _ _ _ _ _ _ _ _ _ _ _ _ _ _ _ _ _ _ _ _ _ _ _ _ 

reason = 'these cut-11 arms survive their own sabotage:'
findings = (Finding(arm=Arm(row='L7u1', asserts='no pointers reads the attempt finding, never a refutation', sabotage=Sabotage(mo...lvable_silently', 'test_intent_reduce.py::test_undecodable_bytes_are_unresolvable')), verdict='sound', detail=''), ...)
verdict = 'vacuous'

    def _report(reason: str, findings: tuple, verdict: str) -> None:
        offending = [finding for finding in findings if finding.verdict == verdict]
        if offending:
>           raise MalformedArm(
                reason
                + "\n"
                + "\n".join(
                    f"  {finding.arm.label}\n    {finding.detail}" for finding in offending
                )
            )
E           test_n2.MalformedArm: these cut-11 arms survive their own sabotage:
E             J3a: the writer refuses an over-ceiling postimage before any write
E               test_operation_port.py::test_oversized_postimage_refuses_before_any_write passed with the sabotage applied

tests/acceptance/test_n2_cut11.py:90: MalformedArm
________ test_j3a_writer_ceiling_fails_while_the_non_port_write_passes _________

tmp_path = PosixPath('/mnt/ssd3/tmp/pytest-of-keith/pytest-94/test_j3a_writer_ceiling_fails_0')

    def test_j3a_writer_ceiling_fails_while_the_non_port_write_passes(tmp_path):
        arm = next(arm for arm in CUT11_ARMS if arm.row == "J3a")
        assert CO_PASSING_INDEPENDENCE["J3a"] == (
            "test_operation_port.py::test_non_port_writes_are_unaffected_by_the_ceiling",
        )
        failing, passing = _j3a_independence(arm, tmp_path / "j3a")
>       assert failing == FAILED
E       assert 0 == 1

tests/acceptance/test_n2_cut11.py:295: AssertionError
=========================== short test summary info ============================
FAILED tests/acceptance/test_n2_cut11.py::TestEveryCut11ArmAssertsSomething::test_no_arm_survives_its_own_sabotage
FAILED tests/acceptance/test_n2_cut11.py::test_j3a_writer_ceiling_fails_while_the_non_port_write_passes
2 failed, 15 passed in 30.63s
