python3 tools/tt check -- sh -c 'python3 tools/ops-check && (cd python && uv run --frozen ruff check . && uv run --frozen pyright) && (cd ts && npm run typecheck && npm run check) && tasks check'
All checks passed!
0 errors, 0 warnings, 0 informations
WARNING: there is a new pyright version available (v1.1.411 -> v1.1.414).
Please install the new version or set PYRIGHT_PYTHON_FORCE_VERSION to `latest`


> @verifiably/beliefs@0.0.0 typecheck
> tsc --noEmit


> @verifiably/beliefs@0.0.0 check
> biome check .

Checked 15 files in 31ms. No fixes applied.
{"errors":[],"warnings":[]}
python3 tools/tt test -- sh -c '(cd python && uv run --frozen pytest) && (cd ts && npm test)'
........................................................................ [  1%]
........................................................................ [  3%]
........................................................................ [  4%]
........................................................................ [  6%]
........................................................................ [  8%]
........................................................................ [  9%]
........................................................................ [ 11%]
........................................................................ [ 13%]
........................................................................ [ 14%]
........................................................................ [ 16%]
........................................................................ [ 18%]
........................................................................ [ 19%]
........................................................................ [ 21%]
........................................................................ [ 23%]
........................................................................ [ 24%]
........................................................................ [ 26%]
........................................................................ [ 28%]
........................................................................ [ 29%]
........................................................................ [ 31%]
........................................................................ [ 33%]
........................................................................ [ 34%]
........................................................................ [ 36%]
........................................................................ [ 38%]
........................................................................ [ 39%]
........................................................................ [ 41%]
........................................................................ [ 43%]
........................................................................ [ 44%]
........................................................................ [ 46%]
........................................................................ [ 48%]
........................................................................ [ 49%]
........................................................................ [ 51%]
........................................................................ [ 53%]
........................................................................ [ 54%]
........................................................................ [ 56%]
........................................................................ [ 58%]
........................................................................ [ 59%]
........................................................................ [ 61%]
........................................................................ [ 63%]
........................................................................ [ 64%]
........................................................................ [ 66%]
........................................................................ [ 68%]
........................................................................ [ 69%]
........................................................................ [ 71%]
........................................................................ [ 73%]
........................................................................ [ 74%]
........................................................................ [ 76%]
........................................................................ [ 78%]
........................................................................ [ 79%]
........................................................................ [ 81%]
........................................................................ [ 83%]
........................................................................ [ 84%]
........................................................................ [ 86%]
........................................................................ [ 88%]
........................................................................ [ 89%]
........................................................................ [ 91%]
........................................................................ [ 93%]
........................................................................ [ 94%]
........................................................................ [ 96%]
........................................................................ [ 98%]
........................................................................ [ 99%]
.............                                                            [100%]
4333 passed in 1073.94s (0:17:53)

> @verifiably/beliefs@0.0.0 test
> vitest run


 RUN  v4.1.11 /mnt/ssd/Dropbox/beliefs/ts


 Test Files  7 passed (7)
      Tests  142 passed (142)
   Start at  12:55:42
   Duration  502ms (transform 529ms, setup 0ms, import 1.23s, tests 295ms, environment 1ms)

