python3 tools/tt check -- sh -c 'python3 tools/ops-check && (cd python && uv run --frozen ruff check . && uv run --frozen pyright) && (cd ts && npm run typecheck && npm run check) && tasks check'
All checks passed!
0 errors, 0 warnings, 0 informations
WARNING: there is a new pyright version available (v1.1.411 -> v1.1.414).
Please install the new version or set PYRIGHT_PYTHON_FORCE_VERSION to `latest`


> @verifiably/beliefs@0.0.0 typecheck
> tsc --noEmit


> @verifiably/beliefs@0.0.0 check
> biome check .

Checked 15 files in 30ms. No fixes applied.
{"errors":[],"warnings":[]}
python3 tools/tt test -- sh -c '(cd python && uv run --frozen pytest) && (cd ts && npm test)'
........................................................................ [  1%]
........................................................................ [  2%]
........................................................................ [  4%]
........................................................................ [  5%]
........................................................................ [  7%]
........................................................................ [  8%]
........................................................................ [ 10%]
........................................................................ [ 11%]
........................................................................ [ 13%]
........................................................................ [ 14%]
........................................................................ [ 16%]
........................................................................ [ 17%]
........................................................................ [ 19%]
........................................................................ [ 20%]
........................................................................ [ 22%]
........................................................................ [ 23%]
........................................................................ [ 25%]
........................................................................ [ 26%]
........................................................................ [ 28%]
........................................................................ [ 29%]
........................................................................ [ 31%]
........................................................................ [ 32%]
........................................................................ [ 34%]
........................................................................ [ 35%]
........................................................................ [ 37%]
........................................................................ [ 38%]
........................................................................ [ 40%]
........................................................................ [ 41%]
........................................................................ [ 43%]
........................................................................ [ 44%]
........................................................................ [ 46%]
........................................................................ [ 47%]
........................................................................ [ 49%]
........................................................................ [ 50%]
........................................................................ [ 52%]
........................................................................ [ 53%]
........................................................................ [ 55%]
........................................................................ [ 56%]
........................................................................ [ 58%]
........................................................................ [ 59%]
........................................................................ [ 61%]
........................................................................ [ 62%]
........................................................................ [ 64%]
........................................................................ [ 65%]
........................................................................ [ 67%]
........................................................................ [ 68%]
........................................................................ [ 70%]
........................................................................ [ 71%]
........................................................................ [ 73%]
........................................................................ [ 74%]
........................................................................ [ 76%]
........................................................................ [ 77%]
........................................................................ [ 79%]
........................................................................ [ 80%]
........................................................................ [ 82%]
........................................................................ [ 83%]
........................................................................ [ 84%]
........................................................................ [ 86%]
........................................................................ [ 87%]
........................................................................ [ 89%]
........................................................................ [ 90%]
........................................................................ [ 92%]
........................................................................ [ 93%]
........................................................................ [ 95%]
........................................................................ [ 96%]
........................................................................ [ 98%]
........................................................................ [ 99%]
.....                                                                    [100%]
4829 passed in 1219.67s (0:20:19)

> @verifiably/beliefs@0.0.0 test
> vitest run


 RUN  v4.1.11 ./ts


 Test Files  7 passed (7)
      Tests  148 passed (148)
   Start at  05:22:13
   Duration  528ms (transform 516ms, setup 0ms, import 1.23s, tests 337ms, environment 1ms)

GATE_EXIT=0
