[cut29 phase 1/3] cut28_acceptance.py
[cut28 phase 1/3] cut27_acceptance.py
[cut27 phase 1/3] cut26_acceptance.py
[cut26 phase 1/2] cut25_acceptance.py
[cut25 phase 1/3] cut24_acceptance.py
[cut24 phase 1/3] cut23_acceptance.py
[cut23 phase 1/3] cut22_acceptance.py
[cut22 phase 1/3] cut21_acceptance.py
[cut21 phase 1/3] cut20_acceptance.py
[cut20 phase 1/3] cut19_acceptance.py
[cut19 phase 1/3] cut18_acceptance.py
[cut18 phase 1/3] cut17_acceptance.py
[cut17 phase 1/19] test_n2_cut6.py
........................                                                 [100%]
24 passed in 12.62s
[cut17 phase 2/19] test_n2_cut7.py
...........................................                              [100%]
43 passed in 47.06s
[cut17 phase 3/19] test_n2_cut9.py
.......................                                                  [100%]
23 passed in 17.00s
[cut17 phase 4/19] test_intent_boundary_acceptance.py
..................                                                       [100%]
18 passed in 6.58s
[cut17 phase 5/19] test_n2_cut11.py
.................                                                        [100%]
17 passed in 30.86s
[cut17 phase 6/19] test_successor_admission_acceptance.py
....                                                                     [100%]
4 passed in 2.13s
[cut17 phase 7/19] test_n2_cut12.py
................                                                         [100%]
16 passed in 14.59s
[cut17 phase 8/19] test_confinement_acceptance.py
...............                                                          [100%]
15 passed in 313.80s (0:05:13)
[cut17 phase 9/19] test_n2_cut13.py
................                                                         [100%]
16 passed in 123.29s (0:02:03)
[cut17 phase 10/19] test_coordination_acceptance.py
......................                                                   [100%]
22 passed in 15.55s
[cut17 phase 11/19] test_n2_cut14.py
.......                                                                  [100%]
7 passed in 14.54s
[cut17 phase 12/19] test_cut15_lineage.py
.....                                                                    [100%]
5 passed in 79.18s (0:01:19)
[cut17 phase 13/19] test_n2_cut15.py
........                                                                 [100%]
8 passed in 45.06s
[cut17 phase 14/19] test_relocation_acceptance.py
................                                                         [100%]
16 passed in 67.43s (0:01:07)
[cut17 phase 15/19] test_n2_cut16.py
.......                                                                  [100%]
7 passed in 78.33s (0:01:18)
[cut17 phase 16/19] test_permit_acceptance.py
........                                                                 [100%]
8 passed in 4.34s
[cut17 phase 17/19] test_permit_boundary.py
..................                                                       [100%]
18 passed in 2.57s
[cut17 phase 18/19] test_permit_entry_points.py
........................................................................ [ 65%]
......................................                                   [100%]
110 passed in 27.14s
[cut17 phase 19/19] test_n2_cut17.py
........                                                                 [100%]
8 passed in 15.77s
declared arms: 24 (= 8 selected + 1 labeled units)
[cut18 phase 2/3] test_deletion_acceptance.py
................                                                         [100%]
16 passed in 54.13s
[cut18 phase 3/3] test_n2_cut18.py
.......                                                                  [100%]
7 passed in 27.36s
declared arms: 20 (= 17 declaration units; 16 guarantee rows + 1 boundary invariant)
row accounting: 7 full/closed + 5 partial + 4 closed-row re-reads
[cut19 phase 2/3] test_session_acceptance.py
...............................                                          [100%]
31 passed in 31.94s
[cut19 phase 3/3] test_n2_cut19.py
.......                                                                  [100%]
7 passed in 27.09s
declared arms: 43 (= 11 declaration units; 11 guarantee rows)
row accounting: 11 full/closed + 0 partial + 0 re-reads
[cut20 phase 2/3] test_facet_acceptance.py
.................                                                        [100%]
17 passed in 39.91s
[cut20 phase 3/3] test_n2_cut20.py
.....                                                                    [100%]
5 passed in 34.45s
declared arms: 12 (= 18 declaration units; 16 guarantee rows + parity fixture + boundary invariant)
row accounting: 15 full/closed + 1 partial
[cut21 phase 2/3] test_verification_acceptance.py
....                                                                     [100%]
4 passed in 7.12s
[cut21 phase 3/3] test_n2_cut21.py
.......                                                                  [100%]
7 passed in 35.23s
declared arms: 25 (= 8 declaration units; 8 guarantee rows)
[cut22 phase 2/3] test_biology_acceptance.py
..                                                                       [100%]
2 passed in 2.47s
[cut22 phase 3/3] test_n2_cut22.py
.......                                                                  [100%]
7 passed in 4.03s
declared arms: 17 (= 9 declaration units; 9 guarantee rows)
[cut23 phase 2/3] test_world_view_acceptance.py
..............................                                           [100%]
30 passed in 120.40s (0:02:00)
[cut23 phase 3/3] test_n2_cut23.py
.......                                                                  [100%]
7 passed in 42.90s
declared arms: 25 (= 8 declaration units; 8 guarantee rows)
[cut24 phase 2/3] test_coreference_acceptance.py
...............                                                          [100%]
15 passed in 88.55s (0:01:28)
[cut24 phase 3/3] test_n2_cut24.py
.......                                                                  [100%]
7 passed in 23.20s
declared arms: 20 (= 5 declaration units; 5 guarantee rows)
[cut25 phase 2/3] test_source_address_acceptance.py
....................                                                     [100%]
20 passed in 30.58s
[cut25 phase 3/3] test_n2_cut25.py
........                                                                 [100%]
8 passed in 8.76s
declared arms: 24 (= 3 declaration units; 3 guarantee rows)
[cut26 phase 2/2] test_n2_cut26.py
..........                                                               [100%]
10 passed in 1.38s
declared arms: 2 (= 1 declaration units; 1 guarantee rows)
[cut27 phase 2/3] test_world_audit_acceptance.py
..........................................                               [100%]
42 passed in 225.76s (0:03:45)
[cut27 phase 3/3] test_n2_cut27.py
.........                                                                [100%]
9 passed in 51.18s
declared arms: 27 (= 5 declaration units; 5 guarantee rows)
[cut28 phase 2/3] test_world_selection_acceptance.py
........................F                                                [100%]
=================================== FAILURES ===================================
_ test_w8b_corruption_outranks_duplication_and_a_corpus_alone_reports_neither_durably _

durable_world = <function durable_world.<locals>.make at 0x7f809933c220>
scratch = PosixPath('.cut29-acceptance/world-resolution-slice-5/run-a4ebcqvn/run-qnmn1jbo/cut28-ppsoqt12')

    def test_w8b_corruption_outranks_duplication_and_a_corpus_alone_reports_neither_durably(durable_world, scratch):
        one = stored.dataset_node(title="one", resources=pinned()); twin = one.model_copy(deep=True); third = one.model_copy(deep=True, update={"id": "dataset:third"})
        a, alpha, left = durable_world.corpus(); b, beta, right = durable_world.corpus(); c, gamma, last = durable_world.corpus()
>       left.add(one); right.add(twin); last.add(third)
                                        ^^^^^^^^^^^^^^^

tests/acceptance/test_world_selection_acceptance.py:402: 
_ _ _ _ _ _ _ _ _ _ _ _ _ _ _ _ _ _ _ _ _ _ _ _ _ _ _ _ _ _ _ _ _ _ _ _ _ _ _ _ 
src/beliefs/corpus.py:1761: in add
    self._refuse(node)
src/beliefs/corpus.py:2963: in _refuse
    self._refuse_dataset_basis(node)
_ _ _ _ _ _ _ _ _ _ _ _ _ _ _ _ _ _ _ _ _ _ _ _ _ _ _ _ _ _ _ _ _ _ _ _ _ _ _ _ 

self = <beliefs.corpus.CorpusWriter object at 0x7f8099313850>
node = Node(id='dataset:third', uid='161067933f1c40fab5eaab0907e292c8', kind='dataset', title='one', body='', metadata=NodeMe...semantic-identity': {'digest': '6b4258ea55393eb6ec4e18427397f06c901cd548bc7a7f674e00253c1e9690a9'}}, deprecated_ids=[])

    def _refuse_dataset_basis(self, node: Node) -> None:
        """W3 as narrowed, the dataset half (clause 1); slice 5 §5's id/address
        agreement (clause 2). The first clause's line is matched by cut 4's
        W3 arms and cut 25's declarations and does not move."""
        if node.kind == "dataset" and dataset_address(stored.dataset_declaration(node)) is None:
            raise BasisMissing(
                f"{node.id}: a dataset carries a content identity — every declared resource pinned by an "
                "accepted digest. Supplying it later is a second, separate mint"
            )
        if node.kind == "dataset":
            address = stored.dataset_address_of(node)
            if node.id != address:
>               raise DatasetAddressDisagreement(f"{node.id}: the declaration derives {address}")
E               beliefs.errors.DatasetAddressDisagreement: dataset:third: the declaration derives dataset:sha256:7333998a63a379b0a5e5f3cecd3b0858314b5520b8c4fb2d8b7480d0df1bd8a9

src/beliefs/corpus.py:3120: DatasetAddressDisagreement
=========================== short test summary info ============================
FAILED tests/acceptance/test_world_selection_acceptance.py::test_w8b_corruption_outranks_duplication_and_a_corpus_alone_reports_neither_durably
1 failed, 24 passed in 111.21s (0:01:51)
