python3 tools/tt check -- sh -c 'python3 tools/ops-check && (cd python && uv run --frozen ruff check . && uv run --frozen pyright) && (cd ts && npm run typecheck && npm run check) && tasks check'
All checks passed!
0 errors, 0 warnings, 0 informations
WARNING: there is a new pyright version available (v1.1.411 -> v1.1.414).
Please install the new version or set PYRIGHT_PYTHON_FORCE_VERSION to `latest`


> @verifiably/beliefs@0.0.0 typecheck
> tsc --noEmit


> @verifiably/beliefs@0.0.0 check
> biome check .

Checked 15 files in 35ms. No fixes applied.
{"errors":[],"warnings":[]}
python3 tools/tt test -- sh -c '(cd python && uv run --frozen pytest) && (cd ts && npm test)'
........................................................................ [  1%]
........................................................................ [  3%]
........................................................................ [  4%]
........................................................................ [  6%]
........................................................................ [  7%]
........................................................................ [  9%]
........................................................................ [ 10%]
........................................................................ [ 12%]
........................................................................ [ 13%]
........................................................................ [ 15%]
........................................................................ [ 17%]
........................................................................ [ 18%]
........................................................................ [ 20%]
........................................................................ [ 21%]
........................................................................ [ 23%]
........................................................................ [ 24%]
........................................................................ [ 26%]
........................................................................ [ 27%]
........................................................................ [ 29%]
........................................................................ [ 30%]
........................................................................ [ 32%]
........................................................................ [ 34%]
........................................................................ [ 35%]
........................................................................ [ 37%]
........................................................................ [ 38%]
........................................................................ [ 40%]
........................................................................ [ 41%]
........................................................................ [ 43%]
........................................................................ [ 44%]
........................................................................ [ 46%]
........................................................................ [ 48%]
........................................................................ [ 49%]
........................................................................ [ 51%]
........................................................................ [ 52%]
........................................................................ [ 54%]
........................................................................ [ 55%]
........................................................................ [ 57%]
........................................................................ [ 58%]
........................................................................ [ 60%]
........................................................................ [ 61%]
........................................................................ [ 63%]
........................................................................ [ 65%]
........................................................................ [ 66%]
........................................................................ [ 68%]
........................................................................ [ 69%]
........................................................................ [ 71%]
........................................................................ [ 72%]
........................................................................ [ 74%]
........................................................................ [ 75%]
........................................................................ [ 77%]
........................................................................ [ 79%]
........................................................................ [ 80%]
........................................................................ [ 82%]
........................................................................ [ 83%]
........................................................................ [ 85%]
........................................................................ [ 86%]
........................................................................ [ 88%]
........................................................................ [ 89%]
........................................................................ [ 91%]
........................................................................ [ 92%]
........................................................................ [ 94%]
........................................................................ [ 96%]
........................................................................ [ 97%]
........................................................................ [ 99%]
......................................                                   [100%]
4646 passed in 1117.15s (0:18:37)

> @verifiably/beliefs@0.0.0 test
> vitest run


 RUN  v4.1.11 ./ts


 Test Files  7 passed (7)
      Tests  142 passed (142)
   Start at  01:55:05
   Duration  531ms (transform 573ms, setup 0ms, import 1.35s, tests 329ms, environment 1ms)

